usage: run_iterative_recon.py [-h] [--scan-folder SCAN_FOLDER]
                              [--output OUTPUT] [--total-angle TOTAL_ANGLE]
                              [--projection-pattern PROJECTION_PATTERN]
                              [--phase PHASE] [--voxel-xy VOXEL_XY]
                              [--voxel-z VOXEL_Z] [--fov-xy FOV_XY]
                              [--fov-z FOV_Z] [--display] [--bilateral-filter]
                              [--bilateral-sigma-spatial BILATERAL_SIGMA_SPATIAL]
                              [--bilateral-sigma-range BILATERAL_SIGMA_RANGE]
                              [--bhc-coeffs BHC_COEFFS [BHC_COEFFS ...]]
                              [--no-bhc] [--ring-correction]
                              [--no-ring-correction]
                              [--ring-median-width RING_MEDIAN_WIDTH]
                              [--skip-calibration] [--no-skip-calibration]
                              [--no-crossval] [--holdout-index N]
                              [--eval-every K] [--patience P]
                              [--backend {astra,tigre}]
                              [--algorithm ALGORITHM]
                              [--iterations ITERATIONS]
                              [--min-constraint MIN_CONSTRAINT]
                              [--max-constraint MAX_CONSTRAINT]
                              [--gpu-index GPU_INDEX]
                              [--super-sampling SUPER_SAMPLING]
                              [--downsample DOWNSAMPLE]
                              [--calibration-method CALIBRATION_METHOD]
                              [--blocksize BLOCKSIZE] [--lmbda LMBDA]
                              [--lmbda-red LMBDA_RED] [--tv-lambda TV]
                              [--tv-iters N] [--roi ROI [ROI ...]]
                              data_folder
run_iterative_recon.py: error: unrecognized arguments: --stop-metric mse --wandb-project muNeRF --wandb-run-name Scan_1510_tigre_sirt_100um
